
> rest-express@1.0.0 check
> tsc

server/storage.ts(1167,29): error TS2802: Type 'MapIterator<[string, { id: string; createdAt: Date; userId: string; content: string; }]>' can only be iterated through when using the '--downlevelIteration' flag or with a '--target' of 'es2015' or higher.
server/storage.ts(1176,29): error TS2802: Type 'MapIterator<[string, any]>' can only be iterated through when using the '--downlevelIteration' flag or with a '--target' of 'es2015' or higher.
