
> rest-express@1.0.0 check
> tsc

server/routes.ts(975,21): error TS2339: Property 'hydrate' does not exist on type 'IStorage'.
server/storage.ts(1404,19): error TS2339: Property 'coins' does not exist on type '{ name: string; firebaseUid: string; email: string; avatarUrl?: string | null | undefined; timezone?: string | null | undefined; onboardingCompleted?: boolean | undefined; isPremium?: boolean | undefined; ... 8 more ...; hasSeenTutorial?: boolean | undefined; }'.
